
*** Running vivado
    with args -log design_1_interrupt_0_0.vds -m64 -product Vivado -mode batch -messageDb vivado.pb -notrace -source design_1_interrupt_0_0.tcl


****** Vivado v2018.3 (64-bit)
  **** SW Build 2405991 on Thu Dec  6 23:38:27 MST 2018
  **** IP Build 2404404 on Fri Dec  7 01:43:56 MST 2018
    ** Copyright 1986-2018 Xilinx, Inc. All Rights Reserved.

source design_1_interrupt_0_0.tcl -notrace
INFO: [IP_Flow 19-234] Refreshing IP repositories
INFO: [IP_Flow 19-1700] Loaded user IP repository 'c:/soc/ip_repo/interrupt_1.0'.
INFO: [IP_Flow 19-2313] Loaded Vivado IP repository 'C:/Xilinx/Vivado/2018.3/data/ip'.
Command: synth_design -top design_1_interrupt_0_0 -part xc7z020clg484-1 -mode out_of_context
Starting synth_design
Attempting to get a license for feature 'Synthesis' and/or device 'xc7z020'
INFO: [Common 17-349] Got license for feature 'Synthesis' and/or device 'xc7z020'
INFO: Launching helper process for spawning children vivado processes
INFO: Helper process launched with PID 7328 
---------------------------------------------------------------------------------
Starting RTL Elaboration : Time (s): cpu = 00:00:03 ; elapsed = 00:00:03 . Memory (MB): peak = 394.426 ; gain = 99.000
---------------------------------------------------------------------------------
WARNING: [Synth 8-1565] actual for formal port reset is neither a static name nor a globally static expression [c:/soc/HW_interrupt/HW_interrupt.srcs/sources_1/bd/design_1/ipshared/640a/hdl/interrupt_v1_0_S00_AXI.vhd:420]
INFO: [Synth 8-638] synthesizing module 'design_1_interrupt_0_0' [c:/soc/HW_interrupt/HW_interrupt.srcs/sources_1/bd/design_1/ip/design_1_interrupt_0_0/synth/design_1_interrupt_0_0.vhd:107]
	Parameter C_S00_AXI_DATA_WIDTH bound to: 32 - type: integer 
	Parameter C_S00_AXI_ADDR_WIDTH bound to: 4 - type: integer 
	Parameter C_S_AXI_INTR_DATA_WIDTH bound to: 32 - type: integer 
	Parameter C_S_AXI_INTR_ADDR_WIDTH bound to: 5 - type: integer 
	Parameter C_NUM_OF_INTR bound to: 1 - type: integer 
INFO: [Synth 8-3491] module 'interrupt_v1_0' declared at 'c:/soc/HW_interrupt/HW_interrupt.srcs/sources_1/bd/design_1/ipshared/640a/hdl/interrupt_v1_0.vhd:5' bound to instance 'U0' of component 'interrupt_v1_0' [c:/soc/HW_interrupt/HW_interrupt.srcs/sources_1/bd/design_1/ip/design_1_interrupt_0_0/synth/design_1_interrupt_0_0.vhd:228]
INFO: [Synth 8-638] synthesizing module 'interrupt_v1_0' [c:/soc/HW_interrupt/HW_interrupt.srcs/sources_1/bd/design_1/ipshared/640a/hdl/interrupt_v1_0.vhd:74]
	Parameter C_S_AXI_INTR_DATA_WIDTH bound to: 32 - type: integer 
	Parameter C_S_AXI_INTR_ADDR_WIDTH bound to: 5 - type: integer 
	Parameter C_NUM_OF_INTR bound to: 1 - type: integer 
	Parameter C_S00_AXI_DATA_WIDTH bound to: 32 - type: integer 
	Parameter C_S00_AXI_ADDR_WIDTH bound to: 4 - type: integer 
	Parameter C_S_AXI_DATA_WIDTH bound to: 32 - type: integer 
	Parameter C_S_AXI_ADDR_WIDTH bound to: 4 - type: integer 
INFO: [Synth 8-3491] module 'interrupt_v1_0_S00_AXI' declared at 'c:/soc/HW_interrupt/HW_interrupt.srcs/sources_1/bd/design_1/ipshared/640a/hdl/interrupt_v1_0_S00_AXI.vhd:5' bound to instance 'interrupt_v1_0_S00_AXI_inst' of component 'interrupt_v1_0_S00_AXI' [c:/soc/HW_interrupt/HW_interrupt.srcs/sources_1/bd/design_1/ipshared/640a/hdl/interrupt_v1_0.vhd:155]
INFO: [Synth 8-638] synthesizing module 'interrupt_v1_0_S00_AXI' [c:/soc/HW_interrupt/HW_interrupt.srcs/sources_1/bd/design_1/ipshared/640a/hdl/interrupt_v1_0_S00_AXI.vhd:90]
	Parameter C_S_AXI_DATA_WIDTH bound to: 32 - type: integer 
	Parameter C_S_AXI_ADDR_WIDTH bound to: 4 - type: integer 
INFO: [Synth 8-226] default block is never used [c:/soc/HW_interrupt/HW_interrupt.srcs/sources_1/bd/design_1/ipshared/640a/hdl/interrupt_v1_0_S00_AXI.vhd:252]
INFO: [Synth 8-226] default block is never used [c:/soc/HW_interrupt/HW_interrupt.srcs/sources_1/bd/design_1/ipshared/640a/hdl/interrupt_v1_0_S00_AXI.vhd:383]
INFO: [Synth 8-3491] module 'counter' declared at 'c:/soc/HW_interrupt/HW_interrupt.srcs/sources_1/bd/design_1/ipshared/640a/hdl/counter_interrupt.vhd:5' bound to instance 'counter_inst' of component 'counter' [c:/soc/HW_interrupt/HW_interrupt.srcs/sources_1/bd/design_1/ipshared/640a/hdl/interrupt_v1_0_S00_AXI.vhd:417]
INFO: [Synth 8-638] synthesizing module 'counter' [c:/soc/HW_interrupt/HW_interrupt.srcs/sources_1/bd/design_1/ipshared/640a/hdl/counter_interrupt.vhd:20]
INFO: [Synth 8-256] done synthesizing module 'counter' (1#1) [c:/soc/HW_interrupt/HW_interrupt.srcs/sources_1/bd/design_1/ipshared/640a/hdl/counter_interrupt.vhd:20]
WARNING: [Synth 8-6014] Unused sequential element slv_reg1_reg was removed.  [c:/soc/HW_interrupt/HW_interrupt.srcs/sources_1/bd/design_1/ipshared/640a/hdl/interrupt_v1_0_S00_AXI.vhd:246]
WARNING: [Synth 8-6014] Unused sequential element slv_reg2_reg was removed.  [c:/soc/HW_interrupt/HW_interrupt.srcs/sources_1/bd/design_1/ipshared/640a/hdl/interrupt_v1_0_S00_AXI.vhd:247]
WARNING: [Synth 8-6014] Unused sequential element slv_reg3_reg was removed.  [c:/soc/HW_interrupt/HW_interrupt.srcs/sources_1/bd/design_1/ipshared/640a/hdl/interrupt_v1_0_S00_AXI.vhd:248]
WARNING: [Synth 8-6014] Unused sequential element loc_addr_reg was removed.  [c:/soc/HW_interrupt/HW_interrupt.srcs/sources_1/bd/design_1/ipshared/640a/hdl/interrupt_v1_0_S00_AXI.vhd:250]
INFO: [Synth 8-256] done synthesizing module 'interrupt_v1_0_S00_AXI' (2#1) [c:/soc/HW_interrupt/HW_interrupt.srcs/sources_1/bd/design_1/ipshared/640a/hdl/interrupt_v1_0_S00_AXI.vhd:90]
	Parameter C_S_AXI_DATA_WIDTH bound to: 32 - type: integer 
	Parameter C_S_AXI_ADDR_WIDTH bound to: 5 - type: integer 
	Parameter C_NUM_OF_INTR bound to: 1 - type: integer 
	Parameter C_INTR_SENSITIVITY bound to: 32'b11111111111111111111111111111111 
	Parameter C_INTR_ACTIVE_STATE bound to: 32'b11111111111111111111111111111111 
	Parameter C_IRQ_SENSITIVITY bound to: 1 - type: integer 
	Parameter C_IRQ_ACTIVE_STATE bound to: 1 - type: integer 
INFO: [Synth 8-3491] module 'interrupt_v1_0_S_AXI_INTR' declared at 'c:/soc/HW_interrupt/HW_interrupt.srcs/sources_1/bd/design_1/ipshared/640a/hdl/interrupt_v1_0_S_AXI_INTR.vhd:5' bound to instance 'interrupt_v1_0_S_AXI_INTR_inst' of component 'interrupt_v1_0_S_AXI_INTR' [c:/soc/HW_interrupt/HW_interrupt.srcs/sources_1/bd/design_1/ipshared/640a/hdl/interrupt_v1_0.vhd:190]
INFO: [Synth 8-638] synthesizing module 'interrupt_v1_0_S_AXI_INTR' [c:/soc/HW_interrupt/HW_interrupt.srcs/sources_1/bd/design_1/ipshared/640a/hdl/interrupt_v1_0_S_AXI_INTR.vhd:99]
	Parameter C_S_AXI_DATA_WIDTH bound to: 32 - type: integer 
	Parameter C_S_AXI_ADDR_WIDTH bound to: 5 - type: integer 
	Parameter C_NUM_OF_INTR bound to: 1 - type: integer 
	Parameter C_INTR_SENSITIVITY bound to: -1 - type: integer 
	Parameter C_INTR_ACTIVE_STATE bound to: -1 - type: integer 
	Parameter C_IRQ_SENSITIVITY bound to: 1 - type: integer 
	Parameter C_IRQ_ACTIVE_STATE bound to: 1 - type: integer 
WARNING: [Synth 8-6014] Unused sequential element intr_all_ff_reg was removed.  [c:/soc/HW_interrupt/HW_interrupt.srcs/sources_1/bd/design_1/ipshared/640a/hdl/interrupt_v1_0_S_AXI_INTR.vhd:502]
INFO: [Synth 8-256] done synthesizing module 'interrupt_v1_0_S_AXI_INTR' (3#1) [c:/soc/HW_interrupt/HW_interrupt.srcs/sources_1/bd/design_1/ipshared/640a/hdl/interrupt_v1_0_S_AXI_INTR.vhd:99]
INFO: [Synth 8-256] done synthesizing module 'interrupt_v1_0' (4#1) [c:/soc/HW_interrupt/HW_interrupt.srcs/sources_1/bd/design_1/ipshared/640a/hdl/interrupt_v1_0.vhd:74]
INFO: [Synth 8-256] done synthesizing module 'design_1_interrupt_0_0' (5#1) [c:/soc/HW_interrupt/HW_interrupt.srcs/sources_1/bd/design_1/ip/design_1_interrupt_0_0/synth/design_1_interrupt_0_0.vhd:107]
WARNING: [Synth 8-3331] design interrupt_v1_0_S_AXI_INTR has unconnected port S_AXI_AWPROT[2]
WARNING: [Synth 8-3331] design interrupt_v1_0_S_AXI_INTR has unconnected port S_AXI_AWPROT[1]
WARNING: [Synth 8-3331] design interrupt_v1_0_S_AXI_INTR has unconnected port S_AXI_AWPROT[0]
WARNING: [Synth 8-3331] design interrupt_v1_0_S_AXI_INTR has unconnected port S_AXI_WDATA[31]
WARNING: [Synth 8-3331] design interrupt_v1_0_S_AXI_INTR has unconnected port S_AXI_WDATA[30]
WARNING: [Synth 8-3331] design interrupt_v1_0_S_AXI_INTR has unconnected port S_AXI_WDATA[29]
WARNING: [Synth 8-3331] design interrupt_v1_0_S_AXI_INTR has unconnected port S_AXI_WDATA[28]
WARNING: [Synth 8-3331] design interrupt_v1_0_S_AXI_INTR has unconnected port S_AXI_WDATA[27]
WARNING: [Synth 8-3331] design interrupt_v1_0_S_AXI_INTR has unconnected port S_AXI_WDATA[26]
WARNING: [Synth 8-3331] design interrupt_v1_0_S_AXI_INTR has unconnected port S_AXI_WDATA[25]
WARNING: [Synth 8-3331] design interrupt_v1_0_S_AXI_INTR has unconnected port S_AXI_WDATA[24]
WARNING: [Synth 8-3331] design interrupt_v1_0_S_AXI_INTR has unconnected port S_AXI_WDATA[23]
WARNING: [Synth 8-3331] design interrupt_v1_0_S_AXI_INTR has unconnected port S_AXI_WDATA[22]
WARNING: [Synth 8-3331] design interrupt_v1_0_S_AXI_INTR has unconnected port S_AXI_WDATA[21]
WARNING: [Synth 8-3331] design interrupt_v1_0_S_AXI_INTR has unconnected port S_AXI_WDATA[20]
WARNING: [Synth 8-3331] design interrupt_v1_0_S_AXI_INTR has unconnected port S_AXI_WDATA[19]
WARNING: [Synth 8-3331] design interrupt_v1_0_S_AXI_INTR has unconnected port S_AXI_WDATA[18]
WARNING: [Synth 8-3331] design interrupt_v1_0_S_AXI_INTR has unconnected port S_AXI_WDATA[17]
WARNING: [Synth 8-3331] design interrupt_v1_0_S_AXI_INTR has unconnected port S_AXI_WDATA[16]
WARNING: [Synth 8-3331] design interrupt_v1_0_S_AXI_INTR has unconnected port S_AXI_WDATA[15]
WARNING: [Synth 8-3331] design interrupt_v1_0_S_AXI_INTR has unconnected port S_AXI_WDATA[14]
WARNING: [Synth 8-3331] design interrupt_v1_0_S_AXI_INTR has unconnected port S_AXI_WDATA[13]
WARNING: [Synth 8-3331] design interrupt_v1_0_S_AXI_INTR has unconnected port S_AXI_WDATA[12]
WARNING: [Synth 8-3331] design interrupt_v1_0_S_AXI_INTR has unconnected port S_AXI_WDATA[11]
WARNING: [Synth 8-3331] design interrupt_v1_0_S_AXI_INTR has unconnected port S_AXI_WDATA[10]
WARNING: [Synth 8-3331] design interrupt_v1_0_S_AXI_INTR has unconnected port S_AXI_WDATA[9]
WARNING: [Synth 8-3331] design interrupt_v1_0_S_AXI_INTR has unconnected port S_AXI_WDATA[8]
WARNING: [Synth 8-3331] design interrupt_v1_0_S_AXI_INTR has unconnected port S_AXI_WDATA[7]
WARNING: [Synth 8-3331] design interrupt_v1_0_S_AXI_INTR has unconnected port S_AXI_WDATA[6]
WARNING: [Synth 8-3331] design interrupt_v1_0_S_AXI_INTR has unconnected port S_AXI_WDATA[5]
WARNING: [Synth 8-3331] design interrupt_v1_0_S_AXI_INTR has unconnected port S_AXI_WDATA[4]
WARNING: [Synth 8-3331] design interrupt_v1_0_S_AXI_INTR has unconnected port S_AXI_WDATA[3]
WARNING: [Synth 8-3331] design interrupt_v1_0_S_AXI_INTR has unconnected port S_AXI_WDATA[2]
WARNING: [Synth 8-3331] design interrupt_v1_0_S_AXI_INTR has unconnected port S_AXI_WDATA[1]
WARNING: [Synth 8-3331] design interrupt_v1_0_S_AXI_INTR has unconnected port S_AXI_WSTRB[3]
WARNING: [Synth 8-3331] design interrupt_v1_0_S_AXI_INTR has unconnected port S_AXI_WSTRB[2]
WARNING: [Synth 8-3331] design interrupt_v1_0_S_AXI_INTR has unconnected port S_AXI_WSTRB[1]
WARNING: [Synth 8-3331] design interrupt_v1_0_S_AXI_INTR has unconnected port S_AXI_WSTRB[0]
WARNING: [Synth 8-3331] design interrupt_v1_0_S_AXI_INTR has unconnected port S_AXI_ARPROT[2]
WARNING: [Synth 8-3331] design interrupt_v1_0_S_AXI_INTR has unconnected port S_AXI_ARPROT[1]
WARNING: [Synth 8-3331] design interrupt_v1_0_S_AXI_INTR has unconnected port S_AXI_ARPROT[0]
WARNING: [Synth 8-3331] design interrupt_v1_0_S00_AXI has unconnected port S_AXI_AWPROT[2]
WARNING: [Synth 8-3331] design interrupt_v1_0_S00_AXI has unconnected port S_AXI_AWPROT[1]
WARNING: [Synth 8-3331] design interrupt_v1_0_S00_AXI has unconnected port S_AXI_AWPROT[0]
WARNING: [Synth 8-3331] design interrupt_v1_0_S00_AXI has unconnected port S_AXI_ARPROT[2]
WARNING: [Synth 8-3331] design interrupt_v1_0_S00_AXI has unconnected port S_AXI_ARPROT[1]
WARNING: [Synth 8-3331] design interrupt_v1_0_S00_AXI has unconnected port S_AXI_ARPROT[0]
---------------------------------------------------------------------------------
Finished RTL Elaboration : Time (s): cpu = 00:00:03 ; elapsed = 00:00:04 . Memory (MB): peak = 448.125 ; gain = 152.699
---------------------------------------------------------------------------------

Report Check Netlist: 
+------+------------------+-------+---------+-------+------------------+
|      |Item              |Errors |Warnings |Status |Description       |
+------+------------------+-------+---------+-------+------------------+
|1     |multi_driven_nets |      0|        0|Passed |Multi driven nets |
+------+------------------+-------+---------+-------+------------------+
---------------------------------------------------------------------------------
Start Handling Custom Attributes
---------------------------------------------------------------------------------
---------------------------------------------------------------------------------
Finished Handling Custom Attributes : Time (s): cpu = 00:00:03 ; elapsed = 00:00:04 . Memory (MB): peak = 448.125 ; gain = 152.699
---------------------------------------------------------------------------------
---------------------------------------------------------------------------------
Finished RTL Optimization Phase 1 : Time (s): cpu = 00:00:04 ; elapsed = 00:00:04 . Memory (MB): peak = 448.125 ; gain = 152.699
---------------------------------------------------------------------------------
INFO: [Device 21-403] Loading part xc7z020clg484-1
INFO: [Project 1-570] Preparing netlist for logic optimization

Processing XDC Constraints
Initializing timing engine
Completed Processing XDC Constraints

Netlist sorting complete. Time (s): cpu = 00:00:00 ; elapsed = 00:00:00 . Memory (MB): peak = 790.953 ; gain = 0.000
INFO: [Project 1-111] Unisim Transformation Summary:
No Unisim elements were transformed.

Netlist sorting complete. Time (s): cpu = 00:00:00 ; elapsed = 00:00:00.001 . Memory (MB): peak = 790.953 ; gain = 0.000
WARNING: [Constraints 18-5210] No constraints selected for write.
Resolution: This message can indicate that there are no constraints for the design, or it can indicate that the used_in flags are set such that the constraints are ignored. This later case is used when running synth_design to not write synthesis constraints to the resulting checkpoint. Instead, project constraints are read when the synthesized design is opened.
Constraint Validation Runtime : Time (s): cpu = 00:00:00 ; elapsed = 00:00:00.078 . Memory (MB): peak = 793.449 ; gain = 2.496
---------------------------------------------------------------------------------
Finished Constraint Validation : Time (s): cpu = 00:00:11 ; elapsed = 00:00:13 . Memory (MB): peak = 793.449 ; gain = 498.023
---------------------------------------------------------------------------------
---------------------------------------------------------------------------------
Start Loading Part and Timing Information
---------------------------------------------------------------------------------
Loading part: xc7z020clg484-1
---------------------------------------------------------------------------------
Finished Loading Part and Timing Information : Time (s): cpu = 00:00:11 ; elapsed = 00:00:13 . Memory (MB): peak = 793.449 ; gain = 498.023
---------------------------------------------------------------------------------
---------------------------------------------------------------------------------
Start Applying 'set_property' XDC Constraints
---------------------------------------------------------------------------------
---------------------------------------------------------------------------------
Finished applying 'set_property' XDC Constraints : Time (s): cpu = 00:00:11 ; elapsed = 00:00:13 . Memory (MB): peak = 793.449 ; gain = 498.023
---------------------------------------------------------------------------------
---------------------------------------------------------------------------------
Finished RTL Optimization Phase 2 : Time (s): cpu = 00:00:12 ; elapsed = 00:00:14 . Memory (MB): peak = 793.449 ; gain = 498.023
---------------------------------------------------------------------------------

Report RTL Partitions: 
+-+--------------+------------+----------+
| |RTL Partition |Replication |Instances |
+-+--------------+------------+----------+
+-+--------------+------------+----------+
---------------------------------------------------------------------------------
Start RTL Component Statistics 
---------------------------------------------------------------------------------
Detailed RTL Component Info : 
+---Registers : 
	               32 Bit    Registers := 2     
	                5 Bit    Registers := 2     
	                4 Bit    Registers := 2     
	                2 Bit    Registers := 4     
	                1 Bit    Registers := 28    
+---Muxes : 
	   2 Input     32 Bit        Muxes := 1     
	   4 Input     32 Bit        Muxes := 2     
	   2 Input      1 Bit        Muxes := 16    
---------------------------------------------------------------------------------
Finished RTL Component Statistics 
---------------------------------------------------------------------------------
---------------------------------------------------------------------------------
Start RTL Hierarchical Component Statistics 
---------------------------------------------------------------------------------
Hierarchical RTL Component report 
Module counter 
Detailed RTL Component Info : 
+---Registers : 
	                1 Bit    Registers := 5     
+---Muxes : 
	   2 Input      1 Bit        Muxes := 6     
Module interrupt_v1_0_S00_AXI 
Detailed RTL Component Info : 
+---Registers : 
	               32 Bit    Registers := 2     
	                4 Bit    Registers := 2     
	                2 Bit    Registers := 2     
	                1 Bit    Registers := 6     
+---Muxes : 
	   2 Input     32 Bit        Muxes := 1     
	   4 Input     32 Bit        Muxes := 2     
	   2 Input      1 Bit        Muxes := 5     
Module interrupt_v1_0_S_AXI_INTR 
Detailed RTL Component Info : 
+---Registers : 
	                5 Bit    Registers := 2     
	                2 Bit    Registers := 2     
	                1 Bit    Registers := 17    
+---Muxes : 
	   2 Input      1 Bit        Muxes := 5     
---------------------------------------------------------------------------------
Finished RTL Hierarchical Component Statistics
---------------------------------------------------------------------------------
---------------------------------------------------------------------------------
Start Part Resource Summary
---------------------------------------------------------------------------------
Part Resources:
DSPs: 220 (col length:60)
BRAMs: 280 (col length: RAMB18 60 RAMB36 30)
---------------------------------------------------------------------------------
Finished Part Resource Summary
---------------------------------------------------------------------------------
---------------------------------------------------------------------------------
Start Cross Boundary and Area Optimization
---------------------------------------------------------------------------------
Warning: Parallel synthesis criteria is not met 
INFO: [Synth 8-3917] design design_1_interrupt_0_0 has port s_axi_intr_rdata[31] driven by constant 0
INFO: [Synth 8-3917] design design_1_interrupt_0_0 has port s_axi_intr_rdata[30] driven by constant 0
INFO: [Synth 8-3917] design design_1_interrupt_0_0 has port s_axi_intr_rdata[29] driven by constant 0
INFO: [Synth 8-3917] design design_1_interrupt_0_0 has port s_axi_intr_rdata[28] driven by constant 0
INFO: [Synth 8-3917] design design_1_interrupt_0_0 has port s_axi_intr_rdata[27] driven by constant 0
INFO: [Synth 8-3917] design design_1_interrupt_0_0 has port s_axi_intr_rdata[26] driven by constant 0
INFO: [Synth 8-3917] design design_1_interrupt_0_0 has port s_axi_intr_rdata[25] driven by constant 0
INFO: [Synth 8-3917] design design_1_interrupt_0_0 has port s_axi_intr_rdata[24] driven by constant 0
INFO: [Synth 8-3917] design design_1_interrupt_0_0 has port s_axi_intr_rdata[23] driven by constant 0
INFO: [Synth 8-3917] design design_1_interrupt_0_0 has port s_axi_intr_rdata[22] driven by constant 0
INFO: [Synth 8-3917] design design_1_interrupt_0_0 has port s_axi_intr_rdata[21] driven by constant 0
INFO: [Synth 8-3917] design design_1_interrupt_0_0 has port s_axi_intr_rdata[20] driven by constant 0
INFO: [Synth 8-3917] design design_1_interrupt_0_0 has port s_axi_intr_rdata[19] driven by constant 0
INFO: [Synth 8-3917] design design_1_interrupt_0_0 has port s_axi_intr_rdata[18] driven by constant 0
INFO: [Synth 8-3917] design design_1_interrupt_0_0 has port s_axi_intr_rdata[17] driven by constant 0
INFO: [Synth 8-3917] design design_1_interrupt_0_0 has port s_axi_intr_rdata[16] driven by constant 0
INFO: [Synth 8-3917] design design_1_interrupt_0_0 has port s_axi_intr_rdata[15] driven by constant 0
INFO: [Synth 8-3917] design design_1_interrupt_0_0 has port s_axi_intr_rdata[14] driven by constant 0
INFO: [Synth 8-3917] design design_1_interrupt_0_0 has port s_axi_intr_rdata[13] driven by constant 0
INFO: [Synth 8-3917] design design_1_interrupt_0_0 has port s_axi_intr_rdata[12] driven by constant 0
INFO: [Synth 8-3917] design design_1_interrupt_0_0 has port s_axi_intr_rdata[11] driven by constant 0
INFO: [Synth 8-3917] design design_1_interrupt_0_0 has port s_axi_intr_rdata[10] driven by constant 0
INFO: [Synth 8-3917] design design_1_interrupt_0_0 has port s_axi_intr_rdata[9] driven by constant 0
INFO: [Synth 8-3917] design design_1_interrupt_0_0 has port s_axi_intr_rdata[8] driven by constant 0
INFO: [Synth 8-3917] design design_1_interrupt_0_0 has port s_axi_intr_rdata[7] driven by constant 0
INFO: [Synth 8-3917] design design_1_interrupt_0_0 has port s_axi_intr_rdata[6] driven by constant 0
INFO: [Synth 8-3917] design design_1_interrupt_0_0 has port s_axi_intr_rdata[5] driven by constant 0
INFO: [Synth 8-3917] design design_1_interrupt_0_0 has port s_axi_intr_rdata[4] driven by constant 0
INFO: [Synth 8-3917] design design_1_interrupt_0_0 has port s_axi_intr_rdata[3] driven by constant 0
INFO: [Synth 8-3917] design design_1_interrupt_0_0 has port s_axi_intr_rdata[2] driven by constant 0
INFO: [Synth 8-3917] design design_1_interrupt_0_0 has port s_axi_intr_rdata[1] driven by constant 0
WARNING: [Synth 8-3331] design design_1_interrupt_0_0 has unconnected port s00_axi_awprot[2]
WARNING: [Synth 8-3331] design design_1_interrupt_0_0 has unconnected port s00_axi_awprot[1]
WARNING: [Synth 8-3331] design design_1_interrupt_0_0 has unconnected port s00_axi_awprot[0]
WARNING: [Synth 8-3331] design design_1_interrupt_0_0 has unconnected port s00_axi_arprot[2]
WARNING: [Synth 8-3331] design design_1_interrupt_0_0 has unconnected port s00_axi_arprot[1]
WARNING: [Synth 8-3331] design design_1_interrupt_0_0 has unconnected port s00_axi_arprot[0]
WARNING: [Synth 8-3331] design design_1_interrupt_0_0 has unconnected port s_axi_intr_awprot[2]
WARNING: [Synth 8-3331] design design_1_interrupt_0_0 has unconnected port s_axi_intr_awprot[1]
WARNING: [Synth 8-3331] design design_1_interrupt_0_0 has unconnected port s_axi_intr_awprot[0]
WARNING: [Synth 8-3331] design design_1_interrupt_0_0 has unconnected port s_axi_intr_wdata[31]
WARNING: [Synth 8-3331] design design_1_interrupt_0_0 has unconnected port s_axi_intr_wdata[30]
WARNING: [Synth 8-3331] design design_1_interrupt_0_0 has unconnected port s_axi_intr_wdata[29]
WARNING: [Synth 8-3331] design design_1_interrupt_0_0 has unconnected port s_axi_intr_wdata[28]
WARNING: [Synth 8-3331] design design_1_interrupt_0_0 has unconnected port s_axi_intr_wdata[27]
WARNING: [Synth 8-3331] design design_1_interrupt_0_0 has unconnected port s_axi_intr_wdata[26]
WARNING: [Synth 8-3331] design design_1_interrupt_0_0 has unconnected port s_axi_intr_wdata[25]
WARNING: [Synth 8-3331] design design_1_interrupt_0_0 has unconnected port s_axi_intr_wdata[24]
WARNING: [Synth 8-3331] design design_1_interrupt_0_0 has unconnected port s_axi_intr_wdata[23]
WARNING: [Synth 8-3331] design design_1_interrupt_0_0 has unconnected port s_axi_intr_wdata[22]
WARNING: [Synth 8-3331] design design_1_interrupt_0_0 has unconnected port s_axi_intr_wdata[21]
WARNING: [Synth 8-3331] design design_1_interrupt_0_0 has unconnected port s_axi_intr_wdata[20]
WARNING: [Synth 8-3331] design design_1_interrupt_0_0 has unconnected port s_axi_intr_wdata[19]
WARNING: [Synth 8-3331] design design_1_interrupt_0_0 has unconnected port s_axi_intr_wdata[18]
WARNING: [Synth 8-3331] design design_1_interrupt_0_0 has unconnected port s_axi_intr_wdata[17]
WARNING: [Synth 8-3331] design design_1_interrupt_0_0 has unconnected port s_axi_intr_wdata[16]
WARNING: [Synth 8-3331] design design_1_interrupt_0_0 has unconnected port s_axi_intr_wdata[15]
WARNING: [Synth 8-3331] design design_1_interrupt_0_0 has unconnected port s_axi_intr_wdata[14]
WARNING: [Synth 8-3331] design design_1_interrupt_0_0 has unconnected port s_axi_intr_wdata[13]
WARNING: [Synth 8-3331] design design_1_interrupt_0_0 has unconnected port s_axi_intr_wdata[12]
WARNING: [Synth 8-3331] design design_1_interrupt_0_0 has unconnected port s_axi_intr_wdata[11]
WARNING: [Synth 8-3331] design design_1_interrupt_0_0 has unconnected port s_axi_intr_wdata[10]
WARNING: [Synth 8-3331] design design_1_interrupt_0_0 has unconnected port s_axi_intr_wdata[9]
WARNING: [Synth 8-3331] design design_1_interrupt_0_0 has unconnected port s_axi_intr_wdata[8]
WARNING: [Synth 8-3331] design design_1_interrupt_0_0 has unconnected port s_axi_intr_wdata[7]
WARNING: [Synth 8-3331] design design_1_interrupt_0_0 has unconnected port s_axi_intr_wdata[6]
WARNING: [Synth 8-3331] design design_1_interrupt_0_0 has unconnected port s_axi_intr_wdata[5]
WARNING: [Synth 8-3331] design design_1_interrupt_0_0 has unconnected port s_axi_intr_wdata[4]
WARNING: [Synth 8-3331] design design_1_interrupt_0_0 has unconnected port s_axi_intr_wdata[3]
WARNING: [Synth 8-3331] design design_1_interrupt_0_0 has unconnected port s_axi_intr_wdata[2]
WARNING: [Synth 8-3331] design design_1_interrupt_0_0 has unconnected port s_axi_intr_wdata[1]
WARNING: [Synth 8-3331] design design_1_interrupt_0_0 has unconnected port s_axi_intr_wstrb[3]
WARNING: [Synth 8-3331] design design_1_interrupt_0_0 has unconnected port s_axi_intr_wstrb[2]
WARNING: [Synth 8-3331] design design_1_interrupt_0_0 has unconnected port s_axi_intr_wstrb[1]
WARNING: [Synth 8-3331] design design_1_interrupt_0_0 has unconnected port s_axi_intr_wstrb[0]
WARNING: [Synth 8-3331] design design_1_interrupt_0_0 has unconnected port s_axi_intr_arprot[2]
WARNING: [Synth 8-3331] design design_1_interrupt_0_0 has unconnected port s_axi_intr_arprot[1]
WARNING: [Synth 8-3331] design design_1_interrupt_0_0 has unconnected port s_axi_intr_arprot[0]
INFO: [Synth 8-3886] merging instance 'U0/interrupt_v1_0_S_AXI_INTR_inst/axi_rresp_reg[0]' (FDRE) to 'U0/interrupt_v1_0_S_AXI_INTR_inst/axi_rresp_reg[1]'
INFO: [Synth 8-3333] propagating constant 0 across sequential element (\U0/interrupt_v1_0_S_AXI_INTR_inst/axi_rresp_reg[1] )
INFO: [Synth 8-3886] merging instance 'U0/interrupt_v1_0_S_AXI_INTR_inst/axi_bresp_reg[0]' (FDRE) to 'U0/interrupt_v1_0_S_AXI_INTR_inst/axi_bresp_reg[1]'
INFO: [Synth 8-3333] propagating constant 0 across sequential element (\U0/interrupt_v1_0_S_AXI_INTR_inst/axi_bresp_reg[1] )
INFO: [Synth 8-3886] merging instance 'U0/interrupt_v1_0_S00_AXI_inst/axi_rresp_reg[0]' (FDRE) to 'U0/interrupt_v1_0_S00_AXI_inst/axi_rresp_reg[1]'
INFO: [Synth 8-3333] propagating constant 0 across sequential element (\U0/interrupt_v1_0_S00_AXI_inst/axi_rresp_reg[1] )
INFO: [Synth 8-3886] merging instance 'U0/interrupt_v1_0_S00_AXI_inst/axi_bresp_reg[0]' (FDRE) to 'U0/interrupt_v1_0_S00_AXI_inst/axi_bresp_reg[1]'
INFO: [Synth 8-3333] propagating constant 0 across sequential element (\U0/interrupt_v1_0_S00_AXI_inst/axi_bresp_reg[1] )
---------------------------------------------------------------------------------
Finished Cross Boundary and Area Optimization : Time (s): cpu = 00:00:13 ; elapsed = 00:00:15 . Memory (MB): peak = 793.449 ; gain = 498.023
---------------------------------------------------------------------------------

Report RTL Partitions: 
+-+--------------+------------+----------+
| |RTL Partition |Replication |Instances |
+-+--------------+------------+----------+
+-+--------------+------------+----------+
---------------------------------------------------------------------------------
Start Applying XDC Timing Constraints
---------------------------------------------------------------------------------
---------------------------------------------------------------------------------
Finished Applying XDC Timing Constraints : Time (s): cpu = 00:00:20 ; elapsed = 00:00:23 . Memory (MB): peak = 799.754 ; gain = 504.328
---------------------------------------------------------------------------------
---------------------------------------------------------------------------------
Start Timing Optimization
---------------------------------------------------------------------------------
---------------------------------------------------------------------------------
Finished Timing Optimization : Time (s): cpu = 00:00:21 ; elapsed = 00:00:23 . Memory (MB): peak = 799.977 ; gain = 504.551
---------------------------------------------------------------------------------

Report RTL Partitions: 
+-+--------------+------------+----------+
| |RTL Partition |Replication |Instances |
+-+--------------+------------+----------+
+-+--------------+------------+----------+
---------------------------------------------------------------------------------
Start Technology Mapping
---------------------------------------------------------------------------------
---------------------------------------------------------------------------------
Finished Technology Mapping : Time (s): cpu = 00:00:21 ; elapsed = 00:00:23 . Memory (MB): peak = 820.062 ; gain = 524.637
---------------------------------------------------------------------------------

Report RTL Partitions: 
+-+--------------+------------+----------+
| |RTL Partition |Replication |Instances |
+-+--------------+------------+----------+
+-+--------------+------------+----------+
---------------------------------------------------------------------------------
Start IO Insertion
---------------------------------------------------------------------------------
---------------------------------------------------------------------------------
Start Flattening Before IO Insertion
---------------------------------------------------------------------------------
---------------------------------------------------------------------------------
Finished Flattening Before IO Insertion
---------------------------------------------------------------------------------
---------------------------------------------------------------------------------
Start Final Netlist Cleanup
---------------------------------------------------------------------------------
---------------------------------------------------------------------------------
Finished Final Netlist Cleanup
---------------------------------------------------------------------------------
---------------------------------------------------------------------------------
Finished IO Insertion : Time (s): cpu = 00:00:21 ; elapsed = 00:00:24 . Memory (MB): peak = 820.062 ; gain = 524.637
---------------------------------------------------------------------------------

Report Check Netlist: 
+------+------------------+-------+---------+-------+------------------+
|      |Item              |Errors |Warnings |Status |Description       |
+------+------------------+-------+---------+-------+------------------+
|1     |multi_driven_nets |      0|        0|Passed |Multi driven nets |
+------+------------------+-------+---------+-------+------------------+
---------------------------------------------------------------------------------
Start Renaming Generated Instances
---------------------------------------------------------------------------------
---------------------------------------------------------------------------------
Finished Renaming Generated Instances : Time (s): cpu = 00:00:21 ; elapsed = 00:00:24 . Memory (MB): peak = 820.062 ; gain = 524.637
---------------------------------------------------------------------------------

Report RTL Partitions: 
+-+--------------+------------+----------+
| |RTL Partition |Replication |Instances |
+-+--------------+------------+----------+
+-+--------------+------------+----------+
---------------------------------------------------------------------------------
Start Rebuilding User Hierarchy
---------------------------------------------------------------------------------
---------------------------------------------------------------------------------
Finished Rebuilding User Hierarchy : Time (s): cpu = 00:00:21 ; elapsed = 00:00:24 . Memory (MB): peak = 820.062 ; gain = 524.637
---------------------------------------------------------------------------------
---------------------------------------------------------------------------------
Start Renaming Generated Ports
---------------------------------------------------------------------------------
---------------------------------------------------------------------------------
Finished Renaming Generated Ports : Time (s): cpu = 00:00:21 ; elapsed = 00:00:24 . Memory (MB): peak = 820.062 ; gain = 524.637
---------------------------------------------------------------------------------
---------------------------------------------------------------------------------
Start Handling Custom Attributes
---------------------------------------------------------------------------------
---------------------------------------------------------------------------------
Finished Handling Custom Attributes : Time (s): cpu = 00:00:21 ; elapsed = 00:00:24 . Memory (MB): peak = 820.062 ; gain = 524.637
---------------------------------------------------------------------------------
---------------------------------------------------------------------------------
Start Renaming Generated Nets
---------------------------------------------------------------------------------
---------------------------------------------------------------------------------
Finished Renaming Generated Nets : Time (s): cpu = 00:00:21 ; elapsed = 00:00:24 . Memory (MB): peak = 820.062 ; gain = 524.637
---------------------------------------------------------------------------------
---------------------------------------------------------------------------------
Start Writing Synthesis Report
---------------------------------------------------------------------------------

Report BlackBoxes: 
+-+--------------+----------+
| |BlackBox name |Instances |
+-+--------------+----------+
+-+--------------+----------+

Report Cell Usage: 
+------+-------+------+
|      |Cell   |Count |
+------+-------+------+
|1     |CARRY4 |    19|
|2     |LUT1   |     3|
|3     |LUT2   |    40|
|4     |LUT3   |     3|
|5     |LUT4   |    86|
|6     |LUT5   |     5|
|7     |LUT6   |    17|
|8     |FDCE   |    62|
|9     |FDRE   |    90|
|10    |FDSE   |     7|
+------+-------+------+

Report Instance Areas: 
+------+-----------------------------------+--------------------------+------+
|      |Instance                           |Module                    |Cells |
+------+-----------------------------------+--------------------------+------+
|1     |top                                |                          |   332|
|2     |  U0                               |interrupt_v1_0            |   332|
|3     |    interrupt_v1_0_S00_AXI_inst    |interrupt_v1_0_S00_AXI    |   284|
|4     |      counter_inst                 |counter                   |   194|
|5     |    interrupt_v1_0_S_AXI_INTR_inst |interrupt_v1_0_S_AXI_INTR |    48|
+------+-----------------------------------+--------------------------+------+
---------------------------------------------------------------------------------
Finished Writing Synthesis Report : Time (s): cpu = 00:00:21 ; elapsed = 00:00:24 . Memory (MB): peak = 820.062 ; gain = 524.637
---------------------------------------------------------------------------------
Synthesis finished with 0 errors, 0 critical warnings and 47 warnings.
Synthesis Optimization Runtime : Time (s): cpu = 00:00:13 ; elapsed = 00:00:17 . Memory (MB): peak = 820.062 ; gain = 179.312
Synthesis Optimization Complete : Time (s): cpu = 00:00:22 ; elapsed = 00:00:24 . Memory (MB): peak = 820.062 ; gain = 524.637
INFO: [Project 1-571] Translating synthesized netlist
INFO: [Netlist 29-17] Analyzing 19 Unisim elements for replacement
INFO: [Netlist 29-28] Unisim Transformation completed in 0 CPU seconds
INFO: [Project 1-570] Preparing netlist for logic optimization
INFO: [Opt 31-138] Pushed 0 inverter(s) to 0 load pin(s).
Netlist sorting complete. Time (s): cpu = 00:00:00 ; elapsed = 00:00:00 . Memory (MB): peak = 821.445 ; gain = 0.000
INFO: [Project 1-111] Unisim Transformation Summary:
No Unisim elements were transformed.

INFO: [Common 17-83] Releasing license: Synthesis
69 Infos, 101 Warnings, 0 Critical Warnings and 0 Errors encountered.
synth_design completed successfully
synth_design: Time (s): cpu = 00:00:24 ; elapsed = 00:00:26 . Memory (MB): peak = 821.445 ; gain = 534.430
Netlist sorting complete. Time (s): cpu = 00:00:00 ; elapsed = 00:00:00 . Memory (MB): peak = 821.445 ; gain = 0.000
WARNING: [Constraints 18-5210] No constraints selected for write.
Resolution: This message can indicate that there are no constraints for the design, or it can indicate that the used_in flags are set such that the constraints are ignored. This later case is used when running synth_design to not write synthesis constraints to the resulting checkpoint. Instead, project constraints are read when the synthesized design is opened.
INFO: [Common 17-1381] The checkpoint 'C:/soc/HW_interrupt/HW_interrupt.runs/design_1_interrupt_0_0_synth_1/design_1_interrupt_0_0.dcp' has been generated.
INFO: [Coretcl 2-1648] Added synthesis output to IP cache for IP design_1_interrupt_0_0, cache-ID = be61ae85ce1fe96f
INFO: [Coretcl 2-1174] Renamed 4 cell refs.
Netlist sorting complete. Time (s): cpu = 00:00:00 ; elapsed = 00:00:00 . Memory (MB): peak = 821.445 ; gain = 0.000
WARNING: [Constraints 18-5210] No constraints selected for write.
Resolution: This message can indicate that there are no constraints for the design, or it can indicate that the used_in flags are set such that the constraints are ignored. This later case is used when running synth_design to not write synthesis constraints to the resulting checkpoint. Instead, project constraints are read when the synthesized design is opened.
INFO: [Common 17-1381] The checkpoint 'C:/soc/HW_interrupt/HW_interrupt.runs/design_1_interrupt_0_0_synth_1/design_1_interrupt_0_0.dcp' has been generated.
INFO: [runtcl-4] Executing : report_utilization -file design_1_interrupt_0_0_utilization_synth.rpt -pb design_1_interrupt_0_0_utilization_synth.pb
INFO: [Common 17-206] Exiting Vivado at Wed May 14 18:00:53 2025...
