18:21:26 INFO  : Registering command handlers for SDK TCF services
18:21:27 INFO  : Launching XSCT server: xsct.bat -interactive C:\soc\HW_interrupt\HW_interrupt.sdk\temp_xsdb_launch_script.tcl
18:21:32 INFO  : XSCT server has started successfully.
18:21:32 INFO  : Successfully done setting XSCT server connection channel  
18:21:39 INFO  : Successfully done setting SDK workspace  
18:21:39 INFO  : Processing command line option -hwspec C:/soc/HW_interrupt/HW_interrupt.sdk/design_1_wrapper.hdf.
15:44:50 INFO  : Launching XSCT server: xsct.bat -interactive C:\soc\HW_interrupt\HW_interrupt.sdk\temp_xsdb_launch_script.tcl
15:44:53 INFO  : XSCT server has started successfully.
15:45:05 INFO  : Successfully done setting XSCT server connection channel  
15:45:05 INFO  : Successfully done setting SDK workspace  
15:45:07 INFO  : Registering command handlers for SDK TCF services
15:45:08 INFO  : Processing command line option -hwspec C:/soc/HW_interrupt/HW_interrupt.sdk/design_1_wrapper.hdf.
15:45:09 INFO  : Checking for hwspec changes in the project design_1_wrapper_hw_platform_0.
17:40:48 INFO  : Connected to target on host '127.0.0.1' and port '3121'.
17:40:49 INFO  : 'targets -set -filter {jtag_cable_name =~ "Xilinx TUL 1234-tulA" && level==0} -index 1' command is executed.
17:40:51 INFO  : FPGA configured successfully with bitstream "C:/soc/HW_interrupt/HW_interrupt.sdk/design_1_wrapper_hw_platform_0/design_1_wrapper.bit"
17:41:00 INFO  : 'targets -set -filter {jtag_cable_name =~ "Xilinx TUL 1234-tulA" && level==0} -index 1' command is executed.
17:41:00 INFO  : 'fpga -state' command is executed.
17:41:00 INFO  : Connected to target on host '127.0.0.1' and port '3121'.
17:41:00 INFO  : Jtag cable 'Xilinx TUL 1234-tulA' is selected.
17:41:00 INFO  : 'jtag frequency' command is executed.
17:41:00 INFO  : Sourcing of 'C:/soc/HW_interrupt/HW_interrupt.sdk/design_1_wrapper_hw_platform_0/ps7_init.tcl' is done.
17:41:00 INFO  : Context for 'APU' is selected.
17:41:00 INFO  : Hardware design information is loaded from 'C:/soc/HW_interrupt/HW_interrupt.sdk/design_1_wrapper_hw_platform_0/system.hdf'.
17:41:00 INFO  : 'configparams force-mem-access 1' command is executed.
17:41:00 INFO  : Context for 'APU' is selected.
17:41:00 INFO  : 'stop' command is executed.
17:41:01 INFO  : 'ps7_init' command is executed.
17:41:01 INFO  : 'ps7_post_config' command is executed.
17:41:01 INFO  : Context for processor 'ps7_cortexa9_0' is selected.
17:41:01 INFO  : Processor reset is completed for 'ps7_cortexa9_0'.
17:41:01 INFO  : Context for processor 'ps7_cortexa9_0' is selected.
17:41:01 INFO  : The application 'C:/soc/HW_interrupt/HW_interrupt.sdk/interrupt/Debug/interrupt.elf' is downloaded to processor 'ps7_cortexa9_0'.
17:41:01 INFO  : 'configparams force-mem-access 0' command is executed.
17:41:01 INFO  : ----------------XSDB Script----------------
connect -url tcp:127.0.0.1:3121
source C:/soc/HW_interrupt/HW_interrupt.sdk/design_1_wrapper_hw_platform_0/ps7_init.tcl
targets -set -nocase -filter {name =~"APU*" && jtag_cable_name =~ "Xilinx TUL 1234-tulA"} -index 0
loadhw -hw C:/soc/HW_interrupt/HW_interrupt.sdk/design_1_wrapper_hw_platform_0/system.hdf -mem-ranges [list {0x40000000 0xbfffffff}]
configparams force-mem-access 1
targets -set -nocase -filter {name =~"APU*" && jtag_cable_name =~ "Xilinx TUL 1234-tulA"} -index 0
stop
ps7_init
ps7_post_config
targets -set -nocase -filter {name =~ "ARM*#0" && jtag_cable_name =~ "Xilinx TUL 1234-tulA"} -index 0
rst -processor
targets -set -nocase -filter {name =~ "ARM*#0" && jtag_cable_name =~ "Xilinx TUL 1234-tulA"} -index 0
dow C:/soc/HW_interrupt/HW_interrupt.sdk/interrupt/Debug/interrupt.elf
configparams force-mem-access 0
----------------End of Script----------------

17:41:01 INFO  : Memory regions updated for context APU
17:41:02 INFO  : Context for processor 'ps7_cortexa9_0' is selected.
17:41:02 INFO  : 'con' command is executed.
17:41:02 INFO  : ----------------XSDB Script (After Launch)----------------
targets -set -nocase -filter {name =~ "ARM*#0" && jtag_cable_name =~ "Xilinx TUL 1234-tulA"} -index 0
con
----------------End of Script----------------

17:41:02 INFO  : Launch script is exported to file 'C:\soc\HW_interrupt\HW_interrupt.sdk\.sdk\launch_scripts\xilinx_c-c++_application_(system_debugger)\system_debugger_using_debug_interrupt.elf_on_local.tcl'
17:41:55 INFO  : Disconnected from the channel tcfchan#1.
17:41:56 INFO  : 'targets -set -filter {jtag_cable_name =~ "Xilinx TUL 1234-tulA" && level==0} -index 1' command is executed.
17:41:56 INFO  : 'fpga -state' command is executed.
17:41:56 INFO  : Connected to target on host '127.0.0.1' and port '3121'.
17:41:57 INFO  : Jtag cable 'Xilinx TUL 1234-tulA' is selected.
17:41:57 INFO  : 'jtag frequency' command is executed.
17:41:57 INFO  : Sourcing of 'C:/soc/HW_interrupt/HW_interrupt.sdk/design_1_wrapper_hw_platform_0/ps7_init.tcl' is done.
17:41:57 INFO  : Context for 'APU' is selected.
17:41:59 INFO  : Hardware design information is loaded from 'C:/soc/HW_interrupt/HW_interrupt.sdk/design_1_wrapper_hw_platform_0/system.hdf'.
17:41:59 INFO  : 'configparams force-mem-access 1' command is executed.
17:41:59 INFO  : Context for 'APU' is selected.
17:41:59 INFO  : 'stop' command is executed.
17:42:00 INFO  : 'ps7_init' command is executed.
17:42:00 INFO  : 'ps7_post_config' command is executed.
17:42:00 INFO  : Context for processor 'ps7_cortexa9_0' is selected.
17:42:00 INFO  : Processor reset is completed for 'ps7_cortexa9_0'.
17:42:00 INFO  : Context for processor 'ps7_cortexa9_0' is selected.
17:42:01 INFO  : The application 'C:/soc/HW_interrupt/HW_interrupt.sdk/interrupt/Debug/interrupt.elf' is downloaded to processor 'ps7_cortexa9_0'.
17:42:01 INFO  : 'configparams force-mem-access 0' command is executed.
17:42:01 INFO  : ----------------XSDB Script----------------
connect -url tcp:127.0.0.1:3121
source C:/soc/HW_interrupt/HW_interrupt.sdk/design_1_wrapper_hw_platform_0/ps7_init.tcl
targets -set -nocase -filter {name =~"APU*" && jtag_cable_name =~ "Xilinx TUL 1234-tulA"} -index 0
loadhw -hw C:/soc/HW_interrupt/HW_interrupt.sdk/design_1_wrapper_hw_platform_0/system.hdf -mem-ranges [list {0x40000000 0xbfffffff}]
configparams force-mem-access 1
targets -set -nocase -filter {name =~"APU*" && jtag_cable_name =~ "Xilinx TUL 1234-tulA"} -index 0
stop
ps7_init
ps7_post_config
targets -set -nocase -filter {name =~ "ARM*#0" && jtag_cable_name =~ "Xilinx TUL 1234-tulA"} -index 0
rst -processor
targets -set -nocase -filter {name =~ "ARM*#0" && jtag_cable_name =~ "Xilinx TUL 1234-tulA"} -index 0
dow C:/soc/HW_interrupt/HW_interrupt.sdk/interrupt/Debug/interrupt.elf
configparams force-mem-access 0
----------------End of Script----------------

17:42:01 INFO  : Memory regions updated for context APU
17:42:01 INFO  : Context for processor 'ps7_cortexa9_0' is selected.
17:42:01 INFO  : 'con' command is executed.
17:42:01 INFO  : ----------------XSDB Script (After Launch)----------------
targets -set -nocase -filter {name =~ "ARM*#0" && jtag_cable_name =~ "Xilinx TUL 1234-tulA"} -index 0
con
----------------End of Script----------------

17:42:01 INFO  : Launch script is exported to file 'C:\soc\HW_interrupt\HW_interrupt.sdk\.sdk\launch_scripts\xilinx_c-c++_application_(system_debugger)\system_debugger_using_debug_interrupt.elf_on_local.tcl'
17:44:15 INFO  : Disconnected from the channel tcfchan#2.
17:44:16 INFO  : 'targets -set -filter {jtag_cable_name =~ "Xilinx TUL 1234-tulA" && level==0} -index 1' command is executed.
17:44:16 INFO  : 'fpga -state' command is executed.
17:44:16 INFO  : Connected to target on host '127.0.0.1' and port '3121'.
17:44:16 INFO  : Jtag cable 'Xilinx TUL 1234-tulA' is selected.
17:44:16 INFO  : 'jtag frequency' command is executed.
17:44:16 INFO  : Sourcing of 'C:/soc/HW_interrupt/HW_interrupt.sdk/design_1_wrapper_hw_platform_0/ps7_init.tcl' is done.
17:44:16 INFO  : Context for 'APU' is selected.
17:44:18 INFO  : Hardware design information is loaded from 'C:/soc/HW_interrupt/HW_interrupt.sdk/design_1_wrapper_hw_platform_0/system.hdf'.
17:44:18 INFO  : 'configparams force-mem-access 1' command is executed.
17:44:18 INFO  : Context for 'APU' is selected.
17:44:18 INFO  : 'stop' command is executed.
17:44:19 INFO  : 'ps7_init' command is executed.
17:44:19 INFO  : 'ps7_post_config' command is executed.
17:44:19 INFO  : Context for processor 'ps7_cortexa9_0' is selected.
17:44:19 INFO  : Processor reset is completed for 'ps7_cortexa9_0'.
17:44:19 INFO  : Context for processor 'ps7_cortexa9_0' is selected.
17:44:19 INFO  : The application 'C:/soc/HW_interrupt/HW_interrupt.sdk/interrupt/Debug/interrupt.elf' is downloaded to processor 'ps7_cortexa9_0'.
17:44:19 INFO  : 'configparams force-mem-access 0' command is executed.
17:44:19 INFO  : ----------------XSDB Script----------------
connect -url tcp:127.0.0.1:3121
source C:/soc/HW_interrupt/HW_interrupt.sdk/design_1_wrapper_hw_platform_0/ps7_init.tcl
targets -set -nocase -filter {name =~"APU*" && jtag_cable_name =~ "Xilinx TUL 1234-tulA"} -index 0
loadhw -hw C:/soc/HW_interrupt/HW_interrupt.sdk/design_1_wrapper_hw_platform_0/system.hdf -mem-ranges [list {0x40000000 0xbfffffff}]
configparams force-mem-access 1
targets -set -nocase -filter {name =~"APU*" && jtag_cable_name =~ "Xilinx TUL 1234-tulA"} -index 0
stop
ps7_init
ps7_post_config
targets -set -nocase -filter {name =~ "ARM*#0" && jtag_cable_name =~ "Xilinx TUL 1234-tulA"} -index 0
rst -processor
targets -set -nocase -filter {name =~ "ARM*#0" && jtag_cable_name =~ "Xilinx TUL 1234-tulA"} -index 0
dow C:/soc/HW_interrupt/HW_interrupt.sdk/interrupt/Debug/interrupt.elf
configparams force-mem-access 0
----------------End of Script----------------

17:44:19 INFO  : Memory regions updated for context APU
17:44:19 INFO  : Context for processor 'ps7_cortexa9_0' is selected.
17:44:19 INFO  : 'con' command is executed.
17:44:19 INFO  : ----------------XSDB Script (After Launch)----------------
targets -set -nocase -filter {name =~ "ARM*#0" && jtag_cable_name =~ "Xilinx TUL 1234-tulA"} -index 0
con
----------------End of Script----------------

17:44:19 INFO  : Launch script is exported to file 'C:\soc\HW_interrupt\HW_interrupt.sdk\.sdk\launch_scripts\xilinx_c-c++_application_(system_debugger)\system_debugger_using_debug_interrupt.elf_on_local.tcl'
17:44:56 INFO  : 'targets -set -filter {jtag_cable_name =~ "Xilinx TUL 1234-tulA" && level==0} -index 1' command is executed.
17:44:56 INFO  : 'fpga -state' command is executed.
17:44:56 INFO  : Connected to target on host '127.0.0.1' and port '3121'.
17:44:57 INFO  : Jtag cable 'Xilinx TUL 1234-tulA' is selected.
17:44:57 INFO  : 'jtag frequency' command is executed.
17:44:57 INFO  : Sourcing of 'C:/soc/HW_interrupt/HW_interrupt.sdk/design_1_wrapper_hw_platform_0/ps7_init.tcl' is done.
17:44:57 INFO  : Context for 'APU' is selected.
17:44:57 INFO  : Hardware design information is loaded from 'C:/soc/HW_interrupt/HW_interrupt.sdk/design_1_wrapper_hw_platform_0/system.hdf'.
17:44:57 INFO  : 'configparams force-mem-access 1' command is executed.
17:44:57 INFO  : Context for 'APU' is selected.
17:44:57 INFO  : 'stop' command is executed.
17:44:57 INFO  : 'ps7_init' command is executed.
17:44:57 INFO  : 'ps7_post_config' command is executed.
17:44:57 INFO  : Context for processor 'ps7_cortexa9_0' is selected.
17:44:57 INFO  : Processor reset is completed for 'ps7_cortexa9_0'.
17:44:57 INFO  : Context for processor 'ps7_cortexa9_0' is selected.
17:44:58 INFO  : The application 'C:/soc/HW_interrupt/HW_interrupt.sdk/interrupt/Debug/interrupt.elf' is downloaded to processor 'ps7_cortexa9_0'.
17:44:58 INFO  : 'configparams force-mem-access 0' command is executed.
17:44:58 INFO  : ----------------XSDB Script----------------
connect -url tcp:127.0.0.1:3121
source C:/soc/HW_interrupt/HW_interrupt.sdk/design_1_wrapper_hw_platform_0/ps7_init.tcl
targets -set -nocase -filter {name =~"APU*" && jtag_cable_name =~ "Xilinx TUL 1234-tulA"} -index 0
loadhw -hw C:/soc/HW_interrupt/HW_interrupt.sdk/design_1_wrapper_hw_platform_0/system.hdf -mem-ranges [list {0x40000000 0xbfffffff}]
configparams force-mem-access 1
targets -set -nocase -filter {name =~"APU*" && jtag_cable_name =~ "Xilinx TUL 1234-tulA"} -index 0
stop
ps7_init
ps7_post_config
targets -set -nocase -filter {name =~ "ARM*#0" && jtag_cable_name =~ "Xilinx TUL 1234-tulA"} -index 0
rst -processor
targets -set -nocase -filter {name =~ "ARM*#0" && jtag_cable_name =~ "Xilinx TUL 1234-tulA"} -index 0
dow C:/soc/HW_interrupt/HW_interrupt.sdk/interrupt/Debug/interrupt.elf
configparams force-mem-access 0
----------------End of Script----------------

17:44:58 INFO  : Memory regions updated for context APU
17:44:58 INFO  : Context for processor 'ps7_cortexa9_0' is selected.
17:44:58 INFO  : 'con' command is executed.
17:44:58 INFO  : ----------------XSDB Script (After Launch)----------------
targets -set -nocase -filter {name =~ "ARM*#0" && jtag_cable_name =~ "Xilinx TUL 1234-tulA"} -index 0
con
----------------End of Script----------------

17:44:58 INFO  : Launch script is exported to file 'C:\soc\HW_interrupt\HW_interrupt.sdk\.sdk\launch_scripts\performance_analysis\performance_analysis_using_debug_interrupt.elf_on_local.tcl'
17:44:59 INFO  : Apm configuration has been updated and stored to 'C:\soc\HW_interrupt\HW_interrupt.sdk\design_1_wrapper_hw_platform_0\apmconfigs\apm_default.json' for the project 'design_1_wrapper_hw_platform_0'
17:45:00 INFO  : Performance data for 'PS' will be exported to the file 'C:\soc\HW_interrupt\HW_interrupt.sdk\design_1_wrapper_hw_platform_0_Traces\Traces\Run_きる-15_17-45\PS_Trace_きる-15_17-45\trace'
17:45:01 INFO  : Created tracing project 'design_1_wrapper_hw_platform_0_Traces'
17:45:01 INFO  : Added tracing folder 'C:\soc\HW_interrupt\HW_interrupt.sdk\design_1_wrapper_hw_platform_0_Traces\Traces\Run_きる-15_17-45\PS_Trace_きる-15_17-45' into  'design_1_wrapper_hw_platform_0_Traces'
17:45:01 INFO  : Attempting to open tracing file 'PS_Trace_きる-15_17-45'
17:45:26 INFO  : Disconnected from the channel tcfchan#3.
17:45:27 INFO  : 'targets -set -filter {jtag_cable_name =~ "Xilinx TUL 1234-tulA" && level==0} -index 1' command is executed.
17:45:27 INFO  : 'fpga -state' command is executed.
17:45:27 INFO  : Connected to target on host '127.0.0.1' and port '3121'.
17:45:28 INFO  : Jtag cable 'Xilinx TUL 1234-tulA' is selected.
17:45:28 INFO  : 'jtag frequency' command is executed.
17:45:28 INFO  : Sourcing of 'C:/soc/HW_interrupt/HW_interrupt.sdk/design_1_wrapper_hw_platform_0/ps7_init.tcl' is done.
17:45:28 INFO  : Context for 'APU' is selected.
17:45:29 INFO  : Hardware design information is loaded from 'C:/soc/HW_interrupt/HW_interrupt.sdk/design_1_wrapper_hw_platform_0/system.hdf'.
17:45:29 INFO  : 'configparams force-mem-access 1' command is executed.
17:45:30 INFO  : Context for 'APU' is selected.
17:45:30 INFO  : 'stop' command is executed.
17:45:30 INFO  : 'ps7_init' command is executed.
17:45:30 INFO  : 'ps7_post_config' command is executed.
17:45:30 INFO  : Context for processor 'ps7_cortexa9_0' is selected.
17:45:30 INFO  : Processor reset is completed for 'ps7_cortexa9_0'.
17:45:30 INFO  : Context for processor 'ps7_cortexa9_0' is selected.
17:45:31 INFO  : The application 'C:/soc/HW_interrupt/HW_interrupt.sdk/interrupt/Debug/interrupt.elf' is downloaded to processor 'ps7_cortexa9_0'.
17:45:31 INFO  : 'configparams force-mem-access 0' command is executed.
17:45:31 INFO  : ----------------XSDB Script----------------
connect -url tcp:127.0.0.1:3121
source C:/soc/HW_interrupt/HW_interrupt.sdk/design_1_wrapper_hw_platform_0/ps7_init.tcl
targets -set -nocase -filter {name =~"APU*" && jtag_cable_name =~ "Xilinx TUL 1234-tulA"} -index 0
loadhw -hw C:/soc/HW_interrupt/HW_interrupt.sdk/design_1_wrapper_hw_platform_0/system.hdf -mem-ranges [list {0x40000000 0xbfffffff}]
configparams force-mem-access 1
targets -set -nocase -filter {name =~"APU*" && jtag_cable_name =~ "Xilinx TUL 1234-tulA"} -index 0
stop
ps7_init
ps7_post_config
targets -set -nocase -filter {name =~ "ARM*#0" && jtag_cable_name =~ "Xilinx TUL 1234-tulA"} -index 0
rst -processor
targets -set -nocase -filter {name =~ "ARM*#0" && jtag_cable_name =~ "Xilinx TUL 1234-tulA"} -index 0
dow C:/soc/HW_interrupt/HW_interrupt.sdk/interrupt/Debug/interrupt.elf
configparams force-mem-access 0
----------------End of Script----------------

17:45:31 INFO  : Memory regions updated for context APU
17:45:31 INFO  : Context for processor 'ps7_cortexa9_0' is selected.
17:45:31 INFO  : 'con' command is executed.
17:45:31 INFO  : ----------------XSDB Script (After Launch)----------------
targets -set -nocase -filter {name =~ "ARM*#0" && jtag_cable_name =~ "Xilinx TUL 1234-tulA"} -index 0
con
----------------End of Script----------------

17:45:31 INFO  : Launch script is exported to file 'C:\soc\HW_interrupt\HW_interrupt.sdk\.sdk\launch_scripts\xilinx_c-c++_application_(system_debugger)\system_debugger_using_debug_interrupt.elf_on_local.tcl'
17:45:41 INFO  : Performance data for 'PS' has been exported to the file 'C:\soc\HW_interrupt\HW_interrupt.sdk\design_1_wrapper_hw_platform_0_Traces\Traces\Run_きる-15_17-45\PS_Trace_きる-15_17-45\trace'
17:45:41 WARN  : channel "tcfchan#3" closed
17:45:41 INFO  : Disconnected from the channel tcfchan#4.
17:46:02 INFO  : Registering command handlers for SDK TCF services
17:46:02 INFO  : Launching XSCT server: xsct.bat -interactive C:\soc\HW_interrupt\HW_interrupt.sdk\temp_xsdb_launch_script.tcl
17:46:04 INFO  : XSCT server has started successfully.
17:46:04 INFO  : Successfully done setting XSCT server connection channel  
17:46:06 INFO  : Successfully done setting SDK workspace  
17:46:06 INFO  : Processing command line option -hwspec C:/soc/HW_interrupt/HW_interrupt.sdk/design_1_wrapper.hdf.
17:46:06 INFO  : Checking for hwspec changes in the project design_1_wrapper_hw_platform_0.
17:50:29 INFO  : Connected to target on host '127.0.0.1' and port '3121'.
17:50:30 INFO  : 'targets -set -filter {jtag_cable_name =~ "Xilinx TUL 1234-tulA" && level==0} -index 1' command is executed.
17:50:32 INFO  : FPGA configured successfully with bitstream "C:/soc/HW_interrupt/HW_interrupt.sdk/design_1_wrapper_hw_platform_0/design_1_wrapper.bit"
17:50:38 INFO  : 'targets -set -filter {jtag_cable_name =~ "Xilinx TUL 1234-tulA" && level==0} -index 1' command is executed.
17:50:38 INFO  : 'fpga -state' command is executed.
17:50:38 INFO  : Connected to target on host '127.0.0.1' and port '3121'.
17:50:38 INFO  : Jtag cable 'Xilinx TUL 1234-tulA' is selected.
17:50:38 INFO  : 'jtag frequency' command is executed.
17:50:38 INFO  : Sourcing of 'C:/soc/HW_interrupt/HW_interrupt.sdk/design_1_wrapper_hw_platform_0/ps7_init.tcl' is done.
17:50:38 INFO  : Context for 'APU' is selected.
17:50:38 INFO  : Hardware design information is loaded from 'C:/soc/HW_interrupt/HW_interrupt.sdk/design_1_wrapper_hw_platform_0/system.hdf'.
17:50:38 INFO  : 'configparams force-mem-access 1' command is executed.
17:50:38 INFO  : Context for 'APU' is selected.
17:50:38 INFO  : 'stop' command is executed.
17:50:40 INFO  : 'ps7_init' command is executed.
17:50:40 INFO  : 'ps7_post_config' command is executed.
17:50:40 INFO  : Context for processor 'ps7_cortexa9_0' is selected.
17:50:40 INFO  : Processor reset is completed for 'ps7_cortexa9_0'.
17:50:40 INFO  : Context for processor 'ps7_cortexa9_0' is selected.
17:50:40 INFO  : The application 'C:/soc/HW_interrupt/HW_interrupt.sdk/interrupt/Debug/interrupt.elf' is downloaded to processor 'ps7_cortexa9_0'.
17:50:40 INFO  : 'configparams force-mem-access 0' command is executed.
17:50:40 INFO  : ----------------XSDB Script----------------
connect -url tcp:127.0.0.1:3121
source C:/soc/HW_interrupt/HW_interrupt.sdk/design_1_wrapper_hw_platform_0/ps7_init.tcl
targets -set -nocase -filter {name =~"APU*" && jtag_cable_name =~ "Xilinx TUL 1234-tulA"} -index 0
loadhw -hw C:/soc/HW_interrupt/HW_interrupt.sdk/design_1_wrapper_hw_platform_0/system.hdf -mem-ranges [list {0x40000000 0xbfffffff}]
configparams force-mem-access 1
targets -set -nocase -filter {name =~"APU*" && jtag_cable_name =~ "Xilinx TUL 1234-tulA"} -index 0
stop
ps7_init
ps7_post_config
targets -set -nocase -filter {name =~ "ARM*#0" && jtag_cable_name =~ "Xilinx TUL 1234-tulA"} -index 0
rst -processor
targets -set -nocase -filter {name =~ "ARM*#0" && jtag_cable_name =~ "Xilinx TUL 1234-tulA"} -index 0
dow C:/soc/HW_interrupt/HW_interrupt.sdk/interrupt/Debug/interrupt.elf
configparams force-mem-access 0
----------------End of Script----------------

17:50:40 INFO  : Memory regions updated for context APU
17:50:40 INFO  : Context for processor 'ps7_cortexa9_0' is selected.
17:50:41 INFO  : 'con' command is executed.
17:50:41 INFO  : ----------------XSDB Script (After Launch)----------------
targets -set -nocase -filter {name =~ "ARM*#0" && jtag_cable_name =~ "Xilinx TUL 1234-tulA"} -index 0
con
----------------End of Script----------------

17:50:41 INFO  : Launch script is exported to file 'C:\soc\HW_interrupt\HW_interrupt.sdk\.sdk\launch_scripts\xilinx_c-c++_application_(system_debugger)\system_debugger_using_debug_interrupt.elf_on_local.tcl'
17:51:41 INFO  : Disconnected from the channel tcfchan#1.
17:51:42 INFO  : 'targets -set -filter {jtag_cable_name =~ "Xilinx TUL 1234-tulA" && level==0} -index 1' command is executed.
17:51:42 INFO  : 'fpga -state' command is executed.
17:51:42 INFO  : Connected to target on host '127.0.0.1' and port '3121'.
17:51:42 INFO  : Jtag cable 'Xilinx TUL 1234-tulA' is selected.
17:51:42 INFO  : 'jtag frequency' command is executed.
17:51:42 INFO  : Sourcing of 'C:/soc/HW_interrupt/HW_interrupt.sdk/design_1_wrapper_hw_platform_0/ps7_init.tcl' is done.
17:51:42 INFO  : Context for 'APU' is selected.
17:51:44 INFO  : Hardware design information is loaded from 'C:/soc/HW_interrupt/HW_interrupt.sdk/design_1_wrapper_hw_platform_0/system.hdf'.
17:51:44 INFO  : 'configparams force-mem-access 1' command is executed.
17:51:44 INFO  : Context for 'APU' is selected.
17:51:44 INFO  : 'stop' command is executed.
17:51:45 INFO  : 'ps7_init' command is executed.
17:51:45 INFO  : 'ps7_post_config' command is executed.
17:51:45 INFO  : Context for processor 'ps7_cortexa9_0' is selected.
17:51:45 INFO  : Processor reset is completed for 'ps7_cortexa9_0'.
17:51:45 INFO  : Context for processor 'ps7_cortexa9_0' is selected.
17:51:46 INFO  : The application 'C:/soc/HW_interrupt/HW_interrupt.sdk/interrupt/Debug/interrupt.elf' is downloaded to processor 'ps7_cortexa9_0'.
17:51:46 INFO  : 'configparams force-mem-access 0' command is executed.
17:51:46 INFO  : ----------------XSDB Script----------------
connect -url tcp:127.0.0.1:3121
source C:/soc/HW_interrupt/HW_interrupt.sdk/design_1_wrapper_hw_platform_0/ps7_init.tcl
targets -set -nocase -filter {name =~"APU*" && jtag_cable_name =~ "Xilinx TUL 1234-tulA"} -index 0
loadhw -hw C:/soc/HW_interrupt/HW_interrupt.sdk/design_1_wrapper_hw_platform_0/system.hdf -mem-ranges [list {0x40000000 0xbfffffff}]
configparams force-mem-access 1
targets -set -nocase -filter {name =~"APU*" && jtag_cable_name =~ "Xilinx TUL 1234-tulA"} -index 0
stop
ps7_init
ps7_post_config
targets -set -nocase -filter {name =~ "ARM*#0" && jtag_cable_name =~ "Xilinx TUL 1234-tulA"} -index 0
rst -processor
targets -set -nocase -filter {name =~ "ARM*#0" && jtag_cable_name =~ "Xilinx TUL 1234-tulA"} -index 0
dow C:/soc/HW_interrupt/HW_interrupt.sdk/interrupt/Debug/interrupt.elf
configparams force-mem-access 0
----------------End of Script----------------

17:51:46 INFO  : Memory regions updated for context APU
17:51:46 INFO  : Context for processor 'ps7_cortexa9_0' is selected.
17:51:46 INFO  : 'con' command is executed.
17:51:46 INFO  : ----------------XSDB Script (After Launch)----------------
targets -set -nocase -filter {name =~ "ARM*#0" && jtag_cable_name =~ "Xilinx TUL 1234-tulA"} -index 0
con
----------------End of Script----------------

17:51:46 INFO  : Launch script is exported to file 'C:\soc\HW_interrupt\HW_interrupt.sdk\.sdk\launch_scripts\xilinx_c-c++_application_(system_debugger)\system_debugger_using_debug_interrupt.elf_on_local.tcl'
17:54:00 INFO  : Disconnected from the channel tcfchan#2.
17:54:01 INFO  : 'targets -set -filter {jtag_cable_name =~ "Xilinx TUL 1234-tulA" && level==0} -index 1' command is executed.
17:54:01 INFO  : 'fpga -state' command is executed.
17:54:01 INFO  : Connected to target on host '127.0.0.1' and port '3121'.
17:54:02 INFO  : Jtag cable 'Xilinx TUL 1234-tulA' is selected.
17:54:02 INFO  : 'jtag frequency' command is executed.
17:54:02 INFO  : Sourcing of 'C:/soc/HW_interrupt/HW_interrupt.sdk/design_1_wrapper_hw_platform_0/ps7_init.tcl' is done.
17:54:02 INFO  : Context for 'APU' is selected.
17:54:03 INFO  : Hardware design information is loaded from 'C:/soc/HW_interrupt/HW_interrupt.sdk/design_1_wrapper_hw_platform_0/system.hdf'.
17:54:03 INFO  : 'configparams force-mem-access 1' command is executed.
17:54:03 INFO  : Context for 'APU' is selected.
17:54:03 INFO  : 'stop' command is executed.
17:54:05 INFO  : 'ps7_init' command is executed.
17:54:05 INFO  : 'ps7_post_config' command is executed.
17:54:05 INFO  : Context for processor 'ps7_cortexa9_0' is selected.
17:54:05 INFO  : Processor reset is completed for 'ps7_cortexa9_0'.
17:54:05 INFO  : Context for processor 'ps7_cortexa9_0' is selected.
17:54:05 INFO  : The application 'C:/soc/HW_interrupt/HW_interrupt.sdk/interrupt/Debug/interrupt.elf' is downloaded to processor 'ps7_cortexa9_0'.
17:54:05 INFO  : 'configparams force-mem-access 0' command is executed.
17:54:05 INFO  : ----------------XSDB Script----------------
connect -url tcp:127.0.0.1:3121
source C:/soc/HW_interrupt/HW_interrupt.sdk/design_1_wrapper_hw_platform_0/ps7_init.tcl
targets -set -nocase -filter {name =~"APU*" && jtag_cable_name =~ "Xilinx TUL 1234-tulA"} -index 0
loadhw -hw C:/soc/HW_interrupt/HW_interrupt.sdk/design_1_wrapper_hw_platform_0/system.hdf -mem-ranges [list {0x40000000 0xbfffffff}]
configparams force-mem-access 1
targets -set -nocase -filter {name =~"APU*" && jtag_cable_name =~ "Xilinx TUL 1234-tulA"} -index 0
stop
ps7_init
ps7_post_config
targets -set -nocase -filter {name =~ "ARM*#0" && jtag_cable_name =~ "Xilinx TUL 1234-tulA"} -index 0
rst -processor
targets -set -nocase -filter {name =~ "ARM*#0" && jtag_cable_name =~ "Xilinx TUL 1234-tulA"} -index 0
dow C:/soc/HW_interrupt/HW_interrupt.sdk/interrupt/Debug/interrupt.elf
configparams force-mem-access 0
----------------End of Script----------------

17:54:05 INFO  : Memory regions updated for context APU
17:54:05 INFO  : Context for processor 'ps7_cortexa9_0' is selected.
17:54:05 INFO  : 'con' command is executed.
17:54:05 INFO  : ----------------XSDB Script (After Launch)----------------
targets -set -nocase -filter {name =~ "ARM*#0" && jtag_cable_name =~ "Xilinx TUL 1234-tulA"} -index 0
con
----------------End of Script----------------

17:54:05 INFO  : Launch script is exported to file 'C:\soc\HW_interrupt\HW_interrupt.sdk\.sdk\launch_scripts\xilinx_c-c++_application_(system_debugger)\system_debugger_using_debug_interrupt.elf_on_local.tcl'
